[11-Feb-2026 04:20:54 Europe/Berlin] PHP Warning:  Undefined array key "username" in C:\xampp\htdocs\inventory_system\core\legacy_functions.php on line 23
[11-Feb-2026 04:20:54 Europe/Berlin] PHP Warning:  Undefined array key "username" in C:\xampp\htdocs\inventory_system\api\auth.php on line 6
[11-Feb-2026 04:20:54 Europe/Berlin] PHP Warning:  Undefined array key "password" in C:\xampp\htdocs\inventory_system\api\auth.php on line 7
[11-Feb-2026 04:49:06 Europe/Berlin] PHP Fatal error:  Uncaught mysqli_sql_exception: Access denied for user 'brightro_brightronix_inv'@'localhost' (using password: YES) in C:\xampp\htdocs\inventory_system\core\database.php:18
Stack trace:
#0 C:\xampp\htdocs\inventory_system\core\database.php(18): mysqli_connect('localhost', 'brightro_bright...', Object(SensitiveParameterValue))
#1 C:\xampp\htdocs\inventory_system\core\database.php(10): MySqli_DB->db_connect()
#2 C:\xampp\htdocs\inventory_system\core\database.php(109): MySqli_DB->__construct()
#3 C:\xampp\htdocs\inventory_system\core\bootstrap.php(40): require_once('C:\\xampp\\htdocs...')
#4 C:\xampp\htdocs\inventory_system\includes\load.php(2): require_once('C:\\xampp\\htdocs...')
#5 C:\xampp\htdocs\inventory_system\pages\shelf.php(3): require_once('C:\\xampp\\htdocs...')
#6 {main}
  thrown in C:\xampp\htdocs\inventory_system\core\database.php on line 18
[11-Feb-2026 04:49:14 Europe/Berlin] PHP Fatal error:  Uncaught mysqli_sql_exception: Access denied for user 'brightro_brightronix_inv'@'localhost' (using password: YES) in C:\xampp\htdocs\inventory_system\core\database.php:18
Stack trace:
#0 C:\xampp\htdocs\inventory_system\core\database.php(18): mysqli_connect('localhost', 'brightro_bright...', Object(SensitiveParameterValue))
#1 C:\xampp\htdocs\inventory_system\core\database.php(10): MySqli_DB->db_connect()
#2 C:\xampp\htdocs\inventory_system\core\database.php(109): MySqli_DB->__construct()
#3 C:\xampp\htdocs\inventory_system\core\bootstrap.php(40): require_once('C:\\xampp\\htdocs...')
#4 C:\xampp\htdocs\inventory_system\includes\load.php(2): require_once('C:\\xampp\\htdocs...')
#5 C:\xampp\htdocs\inventory_system\pages\admin.php(3): require_once('C:\\xampp\\htdocs...')
#6 {main}
  thrown in C:\xampp\htdocs\inventory_system\core\database.php on line 18
